// Jest Snapshot v1, https://goo.gl/fbAQLP

exports[`Test for rendering dashboard page It should render dashboard page 1`] = `
<nav
  className="nav_container"
>
  <div
    className="nav__left"
  >
    <h2>
      architect
    </h2>
    <svg
      className="nav__hamberger"
      fill="currentColor"
      height="1em"
      stroke="currentColor"
      strokeWidth="0"
      style={
        Object {
          "color": undefined,
        }
      }
      viewBox="0 0 20 20"
      width="1em"
      xmlns="http://www.w3.org/2000/svg"
    >
      <path
        clipRule="evenodd"
        d="M3 5a1 1 0 011-1h12a1 1 0 110 2H4a1 1 0 01-1-1zM3 10a1 1 0 011-1h12a1 1 0 110 2H4a1 1 0 01-1-1zM3 15a1 1 0 011-1h12a1 1 0 110 2H4a1 1 0 01-1-1z"
        fillRule="evenodd"
      />
    </svg>
  </div>
  <div
    className="nav__right"
  >
    <div
      className="nav__avatar"
    >
      <img
        alt="Avatar"
        className="avatar__profile"
        src="https://images.unsplash.com/photo-1438761681033-6461ffad8d80?i xlib=rb-4.0.3&ixid=MnwxMjA3fDB8MHxzZWFyY2h8Nnx8cHJvZmlsZSUyMHBpY3R1cmV8ZW 58MHx8MHx8&auto=format&fit=crop&w=500&q=60"
      />
      <svg
        className="avatar__dropdown"
        fill="currentColor"
        height="1em"
        stroke="currentColor"
        strokeWidth="0"
        style={
          Object {
            "color": undefined,
          }
        }
        viewBox="0 0 512 512"
        width="1em"
        xmlns="http://www.w3.org/2000/svg"
      >
        <path
          d="M256 294.1L383 167c9.4-9.4 24.6-9.4 33.9 0s9.3 24.6 0 34L273 345c-9.1 9.1-23.7 9.3-33.1.7L95 201.1c-4.7-4.7-7-10.9-7-17s2.3-12.3 7-17c9.4-9.4 24.6-9.4 33.9 0l127.1 127z"
        />
      </svg>
    </div>
    <div
      className="avatar__details"
    >
      <p
        className="details_header"
      >
        Aliana Mclourd
      </p>
      <p
        className="details_header--sub"
      >
        VP people manager
      </p>
    </div>
  </div>
</nav>
`;
